Archive member included to satisfy reference by file (symbol)

../SafeCpt_bsp/\libhal_bsp.a(alt_load.o)
                              ../SafeCpt_bsp//obj/HAL/src/crt0.o (alt_load)
../SafeCpt_bsp/\libhal_bsp.a(alt_main.o)
                              ../SafeCpt_bsp//obj/HAL/src/crt0.o (alt_main)
../SafeCpt_bsp/\libhal_bsp.a(alt_usleep.o)
                              obj/default/main/main.o (usleep)
../SafeCpt_bsp/\libhal_bsp.a(alt_sys_init.o)
                              ../SafeCpt_bsp/\libhal_bsp.a(alt_main.o) (alt_irq_init)
../SafeCpt_bsp/\libhal_bsp.a(altera_avalon_jtag_uart_fd.o)
                              ../SafeCpt_bsp/\libhal_bsp.a(alt_sys_init.o) (altera_avalon_jtag_uart_read_fd)
../SafeCpt_bsp/\libhal_bsp.a(altera_avalon_jtag_uart_read.o)
                              ../SafeCpt_bsp/\libhal_bsp.a(altera_avalon_jtag_uart_fd.o) (altera_avalon_jtag_uart_read)
../SafeCpt_bsp/\libhal_bsp.a(altera_avalon_jtag_uart_write.o)
                              ../SafeCpt_bsp/\libhal_bsp.a(altera_avalon_jtag_uart_fd.o) (altera_avalon_jtag_uart_write)
../SafeCpt_bsp/\libhal_bsp.a(alt_busy_sleep.o)
                              ../SafeCpt_bsp/\libhal_bsp.a(alt_usleep.o) (alt_busy_sleep)
../SafeCpt_bsp/\libhal_bsp.a(alt_close.o)
                              ../SafeCpt_bsp/\libhal_bsp.a(alt_main.o) (close)
../SafeCpt_bsp/\libhal_bsp.a(alt_dcache_flush_all.o)
                              ../SafeCpt_bsp/\libhal_bsp.a(alt_load.o) (alt_dcache_flush_all)
../SafeCpt_bsp/\libhal_bsp.a(alt_dev.o)
                              ../SafeCpt_bsp/\libhal_bsp.a(alt_sys_init.o) (alt_dev_list)
../SafeCpt_bsp/\libhal_bsp.a(alt_dev_llist_insert.o)
                              ../SafeCpt_bsp/\libhal_bsp.a(alt_sys_init.o) (alt_dev_llist_insert)
../SafeCpt_bsp/\libhal_bsp.a(alt_do_ctors.o)
                              ../SafeCpt_bsp/\libhal_bsp.a(alt_main.o) (_do_ctors)
../SafeCpt_bsp/\libhal_bsp.a(alt_do_dtors.o)
                              ../SafeCpt_bsp/\libhal_bsp.a(alt_main.o) (_do_dtors)
../SafeCpt_bsp/\libhal_bsp.a(alt_errno.o)
                              ../SafeCpt_bsp/\libhal_bsp.a(alt_close.o) (alt_errno)
../SafeCpt_bsp/\libhal_bsp.a(alt_icache_flush_all.o)
                              ../SafeCpt_bsp/\libhal_bsp.a(alt_load.o) (alt_icache_flush_all)
../SafeCpt_bsp/\libhal_bsp.a(alt_io_redirect.o)
                              ../SafeCpt_bsp/\libhal_bsp.a(alt_main.o) (alt_io_redirect)
../SafeCpt_bsp/\libhal_bsp.a(alt_open.o)
                              ../SafeCpt_bsp/\libhal_bsp.a(alt_io_redirect.o) (open)
../SafeCpt_bsp/\libhal_bsp.a(alt_release_fd.o)
                              ../SafeCpt_bsp/\libhal_bsp.a(alt_close.o) (alt_release_fd)
../SafeCpt_bsp/\libhal_bsp.a(altera_nios2_gen2_irq.o)
                              ../SafeCpt_bsp/\libhal_bsp.a(alt_sys_init.o) (altera_nios2_gen2_irq_init)
../SafeCpt_bsp/\libhal_bsp.a(alt_find_dev.o)
                              ../SafeCpt_bsp/\libhal_bsp.a(alt_open.o) (alt_find_dev)
../SafeCpt_bsp/\libhal_bsp.a(alt_find_file.o)
                              ../SafeCpt_bsp/\libhal_bsp.a(alt_open.o) (alt_find_file)
../SafeCpt_bsp/\libhal_bsp.a(alt_get_fd.o)
                              ../SafeCpt_bsp/\libhal_bsp.a(alt_open.o) (alt_get_fd)
d:/program files/altera/14.1/nios2eds/bin/gnu/h-x86_64-mingw32/bin/../lib/gcc/nios2-elf/4.8.3/../../../../../H-x86_64-mingw32/nios2-elf/lib/mno-hw-mul\libsmallc.a(lib_a-atexit.o)
                              ../SafeCpt_bsp/\libhal_bsp.a(alt_main.o) (atexit)
d:/program files/altera/14.1/nios2eds/bin/gnu/h-x86_64-mingw32/bin/../lib/gcc/nios2-elf/4.8.3/../../../../../H-x86_64-mingw32/nios2-elf/lib/mno-hw-mul\libsmallc.a(lib_a-exit.o)
                              ../SafeCpt_bsp/\libhal_bsp.a(alt_main.o) (exit)
d:/program files/altera/14.1/nios2eds/bin/gnu/h-x86_64-mingw32/bin/../lib/gcc/nios2-elf/4.8.3/../../../../../H-x86_64-mingw32/nios2-elf/lib/mno-hw-mul\libsmallc.a(lib_a-int_errno.o)
                              ../SafeCpt_bsp/\libhal_bsp.a(alt_close.o) (errno)
d:/program files/altera/14.1/nios2eds/bin/gnu/h-x86_64-mingw32/bin/../lib/gcc/nios2-elf/4.8.3/../../../../../H-x86_64-mingw32/nios2-elf/lib/mno-hw-mul\libsmallc.a(lib_a-memcmp.o)
                              ../SafeCpt_bsp/\libhal_bsp.a(alt_find_dev.o) (memcmp)
d:/program files/altera/14.1/nios2eds/bin/gnu/h-x86_64-mingw32/bin/../lib/gcc/nios2-elf/4.8.3/../../../../../H-x86_64-mingw32/nios2-elf/lib/mno-hw-mul\libsmallc.a(lib_a-strlen.o)
                              ../SafeCpt_bsp/\libhal_bsp.a(alt_find_dev.o) (strlen)
d:/program files/altera/14.1/nios2eds/bin/gnu/h-x86_64-mingw32/bin/../lib/gcc/nios2-elf/4.8.3/../../../../../H-x86_64-mingw32/nios2-elf/lib/mno-hw-mul\libsmallc.a(lib_a-__atexit.o)
                              d:/program files/altera/14.1/nios2eds/bin/gnu/h-x86_64-mingw32/bin/../lib/gcc/nios2-elf/4.8.3/../../../../../H-x86_64-mingw32/nios2-elf/lib/mno-hw-mul\libsmallc.a(lib_a-atexit.o) (__register_exitproc)
d:/program files/altera/14.1/nios2eds/bin/gnu/h-x86_64-mingw32/bin/../lib/gcc/nios2-elf/4.8.3/../../../../../H-x86_64-mingw32/nios2-elf/lib/mno-hw-mul\libsmallc.a(lib_a-__call_atexit.o)
                              d:/program files/altera/14.1/nios2eds/bin/gnu/h-x86_64-mingw32/bin/../lib/gcc/nios2-elf/4.8.3/../../../../../H-x86_64-mingw32/nios2-elf/lib/mno-hw-mul\libsmallc.a(lib_a-exit.o) (__call_exitprocs)
d:/program files/altera/14.1/nios2eds/bin/gnu/h-x86_64-mingw32/bin/../lib/gcc/nios2-elf/4.8.3/../../../../../H-x86_64-mingw32/nios2-elf/lib/mno-hw-mul\libsmallc.a(lib_a-impure.o)
                              d:/program files/altera/14.1/nios2eds/bin/gnu/h-x86_64-mingw32/bin/../lib/gcc/nios2-elf/4.8.3/../../../../../H-x86_64-mingw32/nios2-elf/lib/mno-hw-mul\libsmallc.a(lib_a-__atexit.o) (_global_impure_ptr)
d:/program files/altera/14.1/nios2eds/bin/gnu/h-x86_64-mingw32/bin/../lib/gcc/nios2-elf/4.8.3/mno-hw-mul\libgcc.a(lib2-divmod.o)
                              ../SafeCpt_bsp/\libhal_bsp.a(alt_busy_sleep.o) (__udivsi3)
d:/program files/altera/14.1/nios2eds/bin/gnu/h-x86_64-mingw32/bin/../lib/gcc/nios2-elf/4.8.3/mno-hw-mul\libgcc.a(lib2-mul.o)
                              ../SafeCpt_bsp/\libhal_bsp.a(alt_busy_sleep.o) (__mulsi3)
../SafeCpt_bsp/\libhal_bsp.a(alt_exit.o)
                              d:/program files/altera/14.1/nios2eds/bin/gnu/h-x86_64-mingw32/bin/../lib/gcc/nios2-elf/4.8.3/../../../../../H-x86_64-mingw32/nios2-elf/lib/mno-hw-mul\libsmallc.a(lib_a-exit.o) (_exit)

Allocating common symbols
Common symbol       size              file

errno               0x4               d:/program files/altera/14.1/nios2eds/bin/gnu/h-x86_64-mingw32/bin/../lib/gcc/nios2-elf/4.8.3/../../../../../H-x86_64-mingw32/nios2-elf/lib/mno-hw-mul\libsmallc.a(lib_a-int_errno.o)

Discarded input sections

 .group         0x0000000000000000        0x8 obj/default/main/main.o
 .group         0x0000000000000000        0x8 obj/default/main/main.o
 .group         0x0000000000000000        0x8 obj/default/main/main.o
 .group         0x0000000000000000        0x8 obj/default/main/main.o
 .group         0x0000000000000000        0x8 obj/default/main/main.o
 .group         0x0000000000000000        0x8 obj/default/main/main.o
 .group         0x0000000000000000        0x8 obj/default/main/main.o
 .group         0x0000000000000000        0x8 obj/default/main/main.o
 .group         0x0000000000000000        0x8 obj/default/main/main.o
 .group         0x0000000000000000        0x8 obj/default/main/main.o
 .group         0x0000000000000000        0x8 obj/default/main/main.o
 .group         0x0000000000000000        0x8 obj/default/main/main.o
 .group         0x0000000000000000        0x8 obj/default/main/main.o
 .group         0x0000000000000000        0x8 obj/default/main/main.o
 .group         0x0000000000000000        0x8 obj/default/main/main.o
 .group         0x0000000000000000        0x8 obj/default/main/main.o

Memory Configuration

Name             Origin             Length             Attributes
reset            0x0000000000008000 0x0000000000000020
RAM              0x0000000000008020 0x0000000000007fe0
*default*        0x0000000000000000 0xffffffffffffffff

Linker script and memory map

LOAD ../SafeCpt_bsp//obj/HAL/src/crt0.o
LOAD obj/default/main/main.o
LOAD d:/program files/altera/14.1/nios2eds/bin/gnu/h-x86_64-mingw32/bin/../lib/gcc/nios2-elf/4.8.3/../../../../../H-x86_64-mingw32/nios2-elf/lib/mno-hw-mul\libstdc++.a
LOAD d:/program files/altera/14.1/nios2eds/bin/gnu/h-x86_64-mingw32/bin/../lib/gcc/nios2-elf/4.8.3/../../../../../H-x86_64-mingw32/nios2-elf/lib/mno-hw-mul\libm.a
LOAD d:/program files/altera/14.1/nios2eds/bin/gnu/h-x86_64-mingw32/bin/../lib/gcc/nios2-elf/4.8.3/mno-hw-mul\libgcc.a
START GROUP
LOAD d:/program files/altera/14.1/nios2eds/bin/gnu/h-x86_64-mingw32/bin/../lib/gcc/nios2-elf/4.8.3/../../../../../H-x86_64-mingw32/nios2-elf/lib/mno-hw-mul\libsmallc.a
LOAD d:/program files/altera/14.1/nios2eds/bin/gnu/h-x86_64-mingw32/bin/../lib/gcc/nios2-elf/4.8.3/mno-hw-mul\libgcc.a
LOAD ../SafeCpt_bsp/\libhal_bsp.a
END GROUP
LOAD d:/program files/altera/14.1/nios2eds/bin/gnu/h-x86_64-mingw32/bin/../lib/gcc/nios2-elf/4.8.3/mno-hw-mul\libgcc.a
                0x0000000000008000                __alt_mem_RAM = 0x8000

.entry          0x0000000000008000       0x20
 *(.entry)
 .entry         0x0000000000008000       0x20 ../SafeCpt_bsp//obj/HAL/src/crt0.o
                0x0000000000008000                __reset

.exceptions     0x0000000000008020        0x0
                0x0000000000008020                PROVIDE (__ram_exceptions_start, ABSOLUTE (.))
                0x0000000000008020                . = ALIGN (0x20)
 *(.irq)
 *(.exceptions.entry.label)
 *(.exceptions.entry.user)
 *(.exceptions.entry.ecc_fatal)
 *(.exceptions.entry)
 *(.exceptions.irqtest.user)
 *(.exceptions.irqtest)
 *(.exceptions.irqhandler.user)
 *(.exceptions.irqhandler)
 *(.exceptions.irqreturn.user)
 *(.exceptions.irqreturn)
 *(.exceptions.notirq.label)
 *(.exceptions.notirq.user)
 *(.exceptions.notirq)
 *(.exceptions.soft.user)
 *(.exceptions.soft)
 *(.exceptions.unknown.user)
 *(.exceptions.unknown)
 *(.exceptions.exit.label)
 *(.exceptions.exit.user)
 *(.exceptions.exit)
 *(.exceptions)
                0x0000000000008020                PROVIDE (__ram_exceptions_end, ABSOLUTE (.))
                0x0000000000008020                PROVIDE (__flash_exceptions_start, LOADADDR (.exceptions))

.text           0x0000000000008020     0x154c
                0x0000000000008020                PROVIDE (stext, ABSOLUTE (.))
 *(.interp)
 *(.hash)
 *(.dynsym)
 *(.dynstr)
 *(.gnu.version)
 *(.gnu.version_d)
 *(.gnu.version_r)
 *(.rel.init)
 *(.rela.init)
 *(.rel.text .rel.text.* .rel.gnu.linkonce.t.*)
 *(.rela.text .rela.text.* .rela.gnu.linkonce.t.*)
 *(.rel.fini)
 *(.rela.fini)
 *(.rel.rodata .rel.rodata.* .rel.gnu.linkonce.r.*)
 *(.rela.rodata .rela.rodata.* .rela.gnu.linkonce.r.*)
 *(.rel.data .rel.data.* .rel.gnu.linkonce.d.*)
 *(.rela.data .rela.data.* .rela.gnu.linkonce.d.*)
 *(.rel.tdata .rel.tdata.* .rel.gnu.linkonce.td.*)
 *(.rela.tdata .rela.tdata.* .rela.gnu.linkonce.td.*)
 *(.rel.tbss .rel.tbss.* .rel.gnu.linkonce.tb.*)
 *(.rela.tbss .rela.tbss.* .rela.gnu.linkonce.tb.*)
 *(.rel.ctors)
 *(.rela.ctors)
 *(.rel.dtors)
 *(.rela.dtors)
 *(.rel.got)
 *(.rela.got)
 *(.rel.sdata .rel.sdata.* .rel.gnu.linkonce.s.*)
 *(.rela.sdata .rela.sdata.* .rela.gnu.linkonce.s.*)
 *(.rel.sbss .rel.sbss.* .rel.gnu.linkonce.sb.*)
 *(.rela.sbss .rela.sbss.* .rela.gnu.linkonce.sb.*)
 *(.rel.sdata2 .rel.sdata2.* .rel.gnu.linkonce.s2.*)
 *(.rela.sdata2 .rela.sdata2.* .rela.gnu.linkonce.s2.*)
 *(.rel.sbss2 .rel.sbss2.* .rel.gnu.linkonce.sb2.*)
 *(.rela.sbss2 .rela.sbss2.* .rela.gnu.linkonce.sb2.*)
 *(.rel.bss .rel.bss.* .rel.gnu.linkonce.b.*)
 *(.rela.bss .rela.bss.* .rela.gnu.linkonce.b.*)
 *(.rel.plt)
 *(.rela.plt)
 *(.rel.dyn)
 *(.init)
 *(.plt)
 *(.text .stub .text.* .gnu.linkonce.t.*)
 .text          0x0000000000008020       0x3c ../SafeCpt_bsp//obj/HAL/src/crt0.o
                0x0000000000008020                _start
 .text          0x000000000000805c        0x0 obj/default/main/main.o
 .text.startup  0x000000000000805c       0x50 obj/default/main/main.o
                0x000000000000805c                main
 .text          0x00000000000080ac       0xe4 ../SafeCpt_bsp/\libhal_bsp.a(alt_load.o)
                0x0000000000008110                alt_load
 .text          0x0000000000008190       0x78 ../SafeCpt_bsp/\libhal_bsp.a(alt_main.o)
                0x0000000000008190                alt_main
 .text          0x0000000000008208       0x30 ../SafeCpt_bsp/\libhal_bsp.a(alt_usleep.o)
                0x0000000000008208                usleep
 .text          0x0000000000008238       0xa0 ../SafeCpt_bsp/\libhal_bsp.a(alt_sys_init.o)
                0x0000000000008270                alt_irq_init
                0x00000000000082a4                alt_sys_init
 .text          0x00000000000082d8       0xc0 ../SafeCpt_bsp/\libhal_bsp.a(altera_avalon_jtag_uart_fd.o)
                0x00000000000082d8                altera_avalon_jtag_uart_read_fd
                0x0000000000008338                altera_avalon_jtag_uart_write_fd
 .text          0x0000000000008398       0xe4 ../SafeCpt_bsp/\libhal_bsp.a(altera_avalon_jtag_uart_read.o)
                0x0000000000008398                altera_avalon_jtag_uart_read
 .text          0x000000000000847c       0x94 ../SafeCpt_bsp/\libhal_bsp.a(altera_avalon_jtag_uart_write.o)
                0x000000000000847c                altera_avalon_jtag_uart_write
 .text          0x0000000000008510      0x154 ../SafeCpt_bsp/\libhal_bsp.a(alt_busy_sleep.o)
                0x0000000000008510                alt_busy_sleep
 .text          0x0000000000008664      0x120 ../SafeCpt_bsp/\libhal_bsp.a(alt_close.o)
                0x00000000000086b4                close
 .text          0x0000000000008784       0x1c ../SafeCpt_bsp/\libhal_bsp.a(alt_dcache_flush_all.o)
                0x0000000000008784                alt_dcache_flush_all
 .text          0x00000000000087a0       0x2c ../SafeCpt_bsp/\libhal_bsp.a(alt_dev.o)
 .text          0x00000000000087cc       0xf0 ../SafeCpt_bsp/\libhal_bsp.a(alt_dev_llist_insert.o)
                0x000000000000881c                alt_dev_llist_insert
 .text          0x00000000000088bc       0x5c ../SafeCpt_bsp/\libhal_bsp.a(alt_do_ctors.o)
                0x00000000000088bc                _do_ctors
 .text          0x0000000000008918       0x5c ../SafeCpt_bsp/\libhal_bsp.a(alt_do_dtors.o)
                0x0000000000008918                _do_dtors
 .text          0x0000000000008974        0x0 ../SafeCpt_bsp/\libhal_bsp.a(alt_errno.o)
 .text          0x0000000000008974       0x1c ../SafeCpt_bsp/\libhal_bsp.a(alt_icache_flush_all.o)
                0x0000000000008974                alt_icache_flush_all
 .text          0x0000000000008990      0x158 ../SafeCpt_bsp/\libhal_bsp.a(alt_io_redirect.o)
                0x0000000000008a70                alt_io_redirect
 .text          0x0000000000008ae8      0x2a0 ../SafeCpt_bsp/\libhal_bsp.a(alt_open.o)
                0x0000000000008c2c                open
 .text          0x0000000000008d88       0x80 ../SafeCpt_bsp/\libhal_bsp.a(alt_release_fd.o)
                0x0000000000008d88                alt_release_fd
 .text          0x0000000000008e08       0x20 ../SafeCpt_bsp/\libhal_bsp.a(altera_nios2_gen2_irq.o)
                0x0000000000008e08                altera_nios2_gen2_irq_init
 .text          0x0000000000008e28       0x90 ../SafeCpt_bsp/\libhal_bsp.a(alt_find_dev.o)
                0x0000000000008e28                alt_find_dev
 .text          0x0000000000008eb8      0x114 ../SafeCpt_bsp/\libhal_bsp.a(alt_find_file.o)
                0x0000000000008eb8                alt_find_file
 .text          0x0000000000008fcc       0xd4 ../SafeCpt_bsp/\libhal_bsp.a(alt_get_fd.o)
                0x0000000000008fcc                alt_get_fd
 .text          0x00000000000090a0       0x14 d:/program files/altera/14.1/nios2eds/bin/gnu/h-x86_64-mingw32/bin/../lib/gcc/nios2-elf/4.8.3/../../../../../H-x86_64-mingw32/nios2-elf/lib/mno-hw-mul\libsmallc.a(lib_a-atexit.o)
                0x00000000000090a0                atexit
 .text          0x00000000000090b4       0x20 d:/program files/altera/14.1/nios2eds/bin/gnu/h-x86_64-mingw32/bin/../lib/gcc/nios2-elf/4.8.3/../../../../../H-x86_64-mingw32/nios2-elf/lib/mno-hw-mul\libsmallc.a(lib_a-exit.o)
                0x00000000000090b4                exit
 .text          0x00000000000090d4        0x0 d:/program files/altera/14.1/nios2eds/bin/gnu/h-x86_64-mingw32/bin/../lib/gcc/nios2-elf/4.8.3/../../../../../H-x86_64-mingw32/nios2-elf/lib/mno-hw-mul\libsmallc.a(lib_a-int_errno.o)
 .text          0x00000000000090d4       0x30 d:/program files/altera/14.1/nios2eds/bin/gnu/h-x86_64-mingw32/bin/../lib/gcc/nios2-elf/4.8.3/../../../../../H-x86_64-mingw32/nios2-elf/lib/mno-hw-mul\libsmallc.a(lib_a-memcmp.o)
                0x00000000000090d4                memcmp
 .text          0x0000000000009104       0x1c d:/program files/altera/14.1/nios2eds/bin/gnu/h-x86_64-mingw32/bin/../lib/gcc/nios2-elf/4.8.3/../../../../../H-x86_64-mingw32/nios2-elf/lib/mno-hw-mul\libsmallc.a(lib_a-strlen.o)
                0x0000000000009104                strlen
 .text          0x0000000000009120      0x144 d:/program files/altera/14.1/nios2eds/bin/gnu/h-x86_64-mingw32/bin/../lib/gcc/nios2-elf/4.8.3/../../../../../H-x86_64-mingw32/nios2-elf/lib/mno-hw-mul\libsmallc.a(lib_a-__atexit.o)
                0x0000000000009120                __register_exitproc
 .text          0x0000000000009264      0x198 d:/program files/altera/14.1/nios2eds/bin/gnu/h-x86_64-mingw32/bin/../lib/gcc/nios2-elf/4.8.3/../../../../../H-x86_64-mingw32/nios2-elf/lib/mno-hw-mul\libsmallc.a(lib_a-__call_atexit.o)
                0x0000000000009264                __call_exitprocs
 .text          0x00000000000093fc        0x0 d:/program files/altera/14.1/nios2eds/bin/gnu/h-x86_64-mingw32/bin/../lib/gcc/nios2-elf/4.8.3/../../../../../H-x86_64-mingw32/nios2-elf/lib/mno-hw-mul\libsmallc.a(lib_a-impure.o)
 .text          0x00000000000093fc      0x114 d:/program files/altera/14.1/nios2eds/bin/gnu/h-x86_64-mingw32/bin/../lib/gcc/nios2-elf/4.8.3/mno-hw-mul\libgcc.a(lib2-divmod.o)
                0x000000000000946c                __divsi3
                0x00000000000094b4                __modsi3
                0x0000000000009500                __udivsi3
                0x0000000000009508                __umodsi3
 .text          0x0000000000009510       0x28 d:/program files/altera/14.1/nios2eds/bin/gnu/h-x86_64-mingw32/bin/../lib/gcc/nios2-elf/4.8.3/mno-hw-mul\libgcc.a(lib2-mul.o)
                0x0000000000009510                __mulsi3
 .text          0x0000000000009538       0x34 ../SafeCpt_bsp/\libhal_bsp.a(alt_exit.o)
                0x0000000000009538                _exit
 *(.gnu.warning.*)
 *(.fini)
                0x000000000000956c                PROVIDE (__etext, ABSOLUTE (.))
                0x000000000000956c                PROVIDE (_etext, ABSOLUTE (.))
                0x000000000000956c                PROVIDE (etext, ABSOLUTE (.))
 *(.eh_frame_hdr)
                0x000000000000956c                . = ALIGN (0x4)
                0x000000000000956c                PROVIDE (__preinit_array_start, ABSOLUTE (.))
 *(.preinit_array)
                0x000000000000956c                PROVIDE (__preinit_array_end, ABSOLUTE (.))
                0x000000000000956c                PROVIDE (__init_array_start, ABSOLUTE (.))
 *(.init_array)
                0x000000000000956c                PROVIDE (__init_array_end, ABSOLUTE (.))
                0x000000000000956c                PROVIDE (__fini_array_start, ABSOLUTE (.))
 *(.fini_array)
                0x000000000000956c                PROVIDE (__fini_array_end, ABSOLUTE (.))
 *(.eh_frame)
 *(.gcc_except_table .gcc_except_table.*)
 *(.dynamic)
                0x000000000000956c                PROVIDE (__CTOR_LIST__, ABSOLUTE (.))
 *(.ctors)
 *(SORT(.ctors.*))
                0x000000000000956c                PROVIDE (__CTOR_END__, ABSOLUTE (.))
                0x000000000000956c                PROVIDE (__DTOR_LIST__, ABSOLUTE (.))
 *(.dtors)
 *(SORT(.dtors.*))
                0x000000000000956c                PROVIDE (__DTOR_END__, ABSOLUTE (.))
 *(.jcr)
                0x000000000000956c                . = ALIGN (0x4)

.rodata         0x000000000000956c       0x2c
                0x000000000000956c                PROVIDE (__ram_rodata_start, ABSOLUTE (.))
                0x000000000000956c                . = ALIGN (0x4)
 *(.rodata .rodata.* .gnu.linkonce.r.*)
 .rodata        0x000000000000956c       0x10 ../SafeCpt_bsp/\libhal_bsp.a(alt_main.o)
 .rodata        0x000000000000957c       0x10 ../SafeCpt_bsp/\libhal_bsp.a(alt_sys_init.o)
 .rodata        0x000000000000958c        0xc ../SafeCpt_bsp/\libhal_bsp.a(alt_dev.o)
 *(.rodata1)
                0x0000000000009598                . = ALIGN (0x4)
                0x0000000000009598                PROVIDE (__ram_rodata_end, ABSOLUTE (.))
                0x000000000000956c                PROVIDE (__flash_rodata_start, LOADADDR (.rodata))

.rwdata         0x0000000000009598      0x2d4 load address 0x000000000000986c
                0x0000000000009598                PROVIDE (__ram_rwdata_start, ABSOLUTE (.))
                0x0000000000009598                . = ALIGN (0x4)
 *(.got.plt)
 *(.got)
 *(.data1)
 *(.data .data.* .gnu.linkonce.d.*)
 .data          0x0000000000009598        0x0 ../SafeCpt_bsp//obj/HAL/src/crt0.o
 .data          0x0000000000009598        0x0 obj/default/main/main.o
 .data          0x0000000000009598        0x0 ../SafeCpt_bsp/\libhal_bsp.a(alt_load.o)
 .data          0x0000000000009598        0x0 ../SafeCpt_bsp/\libhal_bsp.a(alt_main.o)
 .data          0x0000000000009598        0x0 ../SafeCpt_bsp/\libhal_bsp.a(alt_usleep.o)
 .data          0x0000000000009598       0x2c ../SafeCpt_bsp/\libhal_bsp.a(alt_sys_init.o)
 .data          0x00000000000095c4        0x0 ../SafeCpt_bsp/\libhal_bsp.a(altera_avalon_jtag_uart_fd.o)
 .data          0x00000000000095c4        0x0 ../SafeCpt_bsp/\libhal_bsp.a(altera_avalon_jtag_uart_read.o)
 .data          0x00000000000095c4        0x0 ../SafeCpt_bsp/\libhal_bsp.a(altera_avalon_jtag_uart_write.o)
 .data          0x00000000000095c4        0x0 ../SafeCpt_bsp/\libhal_bsp.a(alt_busy_sleep.o)
 .data          0x00000000000095c4        0x0 ../SafeCpt_bsp/\libhal_bsp.a(alt_close.o)
 .data          0x00000000000095c4        0x0 ../SafeCpt_bsp/\libhal_bsp.a(alt_dcache_flush_all.o)
 .data          0x00000000000095c4      0x1a8 ../SafeCpt_bsp/\libhal_bsp.a(alt_dev.o)
                0x00000000000095c4                alt_dev_null
                0x00000000000095ec                alt_fd_list
 .data          0x000000000000976c        0x0 ../SafeCpt_bsp/\libhal_bsp.a(alt_dev_llist_insert.o)
 .data          0x000000000000976c        0x0 ../SafeCpt_bsp/\libhal_bsp.a(alt_do_ctors.o)
 .data          0x000000000000976c        0x0 ../SafeCpt_bsp/\libhal_bsp.a(alt_do_dtors.o)
 .data          0x000000000000976c        0x0 ../SafeCpt_bsp/\libhal_bsp.a(alt_errno.o)
 .data          0x000000000000976c        0x0 ../SafeCpt_bsp/\libhal_bsp.a(alt_icache_flush_all.o)
 .data          0x000000000000976c        0x0 ../SafeCpt_bsp/\libhal_bsp.a(alt_io_redirect.o)
 .data          0x000000000000976c        0x0 ../SafeCpt_bsp/\libhal_bsp.a(alt_open.o)
 .data          0x000000000000976c        0x0 ../SafeCpt_bsp/\libhal_bsp.a(alt_release_fd.o)
 .data          0x000000000000976c        0x0 ../SafeCpt_bsp/\libhal_bsp.a(altera_nios2_gen2_irq.o)
 .data          0x000000000000976c        0x0 ../SafeCpt_bsp/\libhal_bsp.a(alt_find_dev.o)
 .data          0x000000000000976c        0x0 ../SafeCpt_bsp/\libhal_bsp.a(alt_find_file.o)
 .data          0x000000000000976c        0x0 ../SafeCpt_bsp/\libhal_bsp.a(alt_get_fd.o)
 .data          0x000000000000976c        0x0 d:/program files/altera/14.1/nios2eds/bin/gnu/h-x86_64-mingw32/bin/../lib/gcc/nios2-elf/4.8.3/../../../../../H-x86_64-mingw32/nios2-elf/lib/mno-hw-mul\libsmallc.a(lib_a-atexit.o)
 .data          0x000000000000976c        0x0 d:/program files/altera/14.1/nios2eds/bin/gnu/h-x86_64-mingw32/bin/../lib/gcc/nios2-elf/4.8.3/../../../../../H-x86_64-mingw32/nios2-elf/lib/mno-hw-mul\libsmallc.a(lib_a-exit.o)
 .data          0x000000000000976c        0x0 d:/program files/altera/14.1/nios2eds/bin/gnu/h-x86_64-mingw32/bin/../lib/gcc/nios2-elf/4.8.3/../../../../../H-x86_64-mingw32/nios2-elf/lib/mno-hw-mul\libsmallc.a(lib_a-int_errno.o)
 .data          0x000000000000976c        0x0 d:/program files/altera/14.1/nios2eds/bin/gnu/h-x86_64-mingw32/bin/../lib/gcc/nios2-elf/4.8.3/../../../../../H-x86_64-mingw32/nios2-elf/lib/mno-hw-mul\libsmallc.a(lib_a-memcmp.o)
 .data          0x000000000000976c        0x0 d:/program files/altera/14.1/nios2eds/bin/gnu/h-x86_64-mingw32/bin/../lib/gcc/nios2-elf/4.8.3/../../../../../H-x86_64-mingw32/nios2-elf/lib/mno-hw-mul\libsmallc.a(lib_a-strlen.o)
 .data          0x000000000000976c        0x0 d:/program files/altera/14.1/nios2eds/bin/gnu/h-x86_64-mingw32/bin/../lib/gcc/nios2-elf/4.8.3/../../../../../H-x86_64-mingw32/nios2-elf/lib/mno-hw-mul\libsmallc.a(lib_a-__atexit.o)
 .data          0x000000000000976c        0x0 d:/program files/altera/14.1/nios2eds/bin/gnu/h-x86_64-mingw32/bin/../lib/gcc/nios2-elf/4.8.3/../../../../../H-x86_64-mingw32/nios2-elf/lib/mno-hw-mul\libsmallc.a(lib_a-__call_atexit.o)
 .data          0x000000000000976c       0xe0 d:/program files/altera/14.1/nios2eds/bin/gnu/h-x86_64-mingw32/bin/../lib/gcc/nios2-elf/4.8.3/../../../../../H-x86_64-mingw32/nios2-elf/lib/mno-hw-mul\libsmallc.a(lib_a-impure.o)
 .data          0x000000000000984c        0x0 d:/program files/altera/14.1/nios2eds/bin/gnu/h-x86_64-mingw32/bin/../lib/gcc/nios2-elf/4.8.3/mno-hw-mul\libgcc.a(lib2-divmod.o)
 .data          0x000000000000984c        0x0 d:/program files/altera/14.1/nios2eds/bin/gnu/h-x86_64-mingw32/bin/../lib/gcc/nios2-elf/4.8.3/mno-hw-mul\libgcc.a(lib2-mul.o)
 .data          0x000000000000984c        0x0 ../SafeCpt_bsp/\libhal_bsp.a(alt_exit.o)
                0x000000000001184c                _gp = ABSOLUTE ((. + 0x8000))
                0x000000000001184c                PROVIDE (gp, _gp)
 *(.rwdata .rwdata.*)
 *(.sdata .sdata.* .gnu.linkonce.s.*)
 .sdata         0x000000000000984c       0x14 ../SafeCpt_bsp/\libhal_bsp.a(alt_dev.o)
                0x000000000000984c                alt_fs_list
                0x0000000000009854                alt_dev_list
                0x000000000000985c                alt_max_fd
 .sdata         0x0000000000009860        0x4 ../SafeCpt_bsp/\libhal_bsp.a(alt_errno.o)
                0x0000000000009860                alt_errno
 .sdata         0x0000000000009864        0x8 d:/program files/altera/14.1/nios2eds/bin/gnu/h-x86_64-mingw32/bin/../lib/gcc/nios2-elf/4.8.3/../../../../../H-x86_64-mingw32/nios2-elf/lib/mno-hw-mul\libsmallc.a(lib_a-impure.o)
                0x0000000000009864                _global_impure_ptr
                0x0000000000009868                _impure_ptr
 *(.sdata2 .sdata2.* .gnu.linkonce.s2.*)
                0x000000000000986c                . = ALIGN (0x4)
                0x000000000000986c                _edata = ABSOLUTE (.)
                0x000000000000986c                PROVIDE (edata, ABSOLUTE (.))
                0x000000000000986c                PROVIDE (__ram_rwdata_end, ABSOLUTE (.))
                0x000000000000986c                PROVIDE (__flash_rwdata_start, LOADADDR (.rwdata))

.bss            0x0000000000009b40       0x10
                0x0000000000009b40                __bss_start = ABSOLUTE (.)
                0x0000000000009b40                PROVIDE (__sbss_start, ABSOLUTE (.))
                0x0000000000009b40                PROVIDE (___sbss_start, ABSOLUTE (.))
 *(.dynsbss)
 *(.sbss .sbss.* .gnu.linkonce.sb.*)
 .sbss          0x0000000000009b40        0xc ../SafeCpt_bsp/\libhal_bsp.a(alt_main.o)
                0x0000000000009b40                alt_argc
                0x0000000000009b44                alt_argv
                0x0000000000009b48                alt_envp
 .sbss          0x0000000000009b4c        0x4 d:/program files/altera/14.1/nios2eds/bin/gnu/h-x86_64-mingw32/bin/../lib/gcc/nios2-elf/4.8.3/../../../../../H-x86_64-mingw32/nios2-elf/lib/mno-hw-mul\libsmallc.a(lib_a-int_errno.o)
                0x0000000000009b4c                errno
 *(.sbss2 .sbss2.* .gnu.linkonce.sb2.*)
 *(.scommon)
                0x0000000000009b50                PROVIDE (__sbss_end, ABSOLUTE (.))
                0x0000000000009b50                PROVIDE (___sbss_end, ABSOLUTE (.))
 *(.dynbss)
 *(.bss .bss.* .gnu.linkonce.b.*)
 .bss           0x0000000000009b50        0x0 ../SafeCpt_bsp//obj/HAL/src/crt0.o
 .bss           0x0000000000009b50        0x0 obj/default/main/main.o
 .bss           0x0000000000009b50        0x0 ../SafeCpt_bsp/\libhal_bsp.a(alt_load.o)
 .bss           0x0000000000009b50        0x0 ../SafeCpt_bsp/\libhal_bsp.a(alt_main.o)
 .bss           0x0000000000009b50        0x0 ../SafeCpt_bsp/\libhal_bsp.a(alt_usleep.o)
 .bss           0x0000000000009b50        0x0 ../SafeCpt_bsp/\libhal_bsp.a(alt_sys_init.o)
 .bss           0x0000000000009b50        0x0 ../SafeCpt_bsp/\libhal_bsp.a(altera_avalon_jtag_uart_fd.o)
 .bss           0x0000000000009b50        0x0 ../SafeCpt_bsp/\libhal_bsp.a(altera_avalon_jtag_uart_read.o)
 .bss           0x0000000000009b50        0x0 ../SafeCpt_bsp/\libhal_bsp.a(altera_avalon_jtag_uart_write.o)
 .bss           0x0000000000009b50        0x0 ../SafeCpt_bsp/\libhal_bsp.a(alt_busy_sleep.o)
 .bss           0x0000000000009b50        0x0 ../SafeCpt_bsp/\libhal_bsp.a(alt_close.o)
 .bss           0x0000000000009b50        0x0 ../SafeCpt_bsp/\libhal_bsp.a(alt_dcache_flush_all.o)
 .bss           0x0000000000009b50        0x0 ../SafeCpt_bsp/\libhal_bsp.a(alt_dev.o)
 .bss           0x0000000000009b50        0x0 ../SafeCpt_bsp/\libhal_bsp.a(alt_dev_llist_insert.o)
 .bss           0x0000000000009b50        0x0 ../SafeCpt_bsp/\libhal_bsp.a(alt_do_ctors.o)
 .bss           0x0000000000009b50        0x0 ../SafeCpt_bsp/\libhal_bsp.a(alt_do_dtors.o)
 .bss           0x0000000000009b50        0x0 ../SafeCpt_bsp/\libhal_bsp.a(alt_errno.o)
 .bss           0x0000000000009b50        0x0 ../SafeCpt_bsp/\libhal_bsp.a(alt_icache_flush_all.o)
 .bss           0x0000000000009b50        0x0 ../SafeCpt_bsp/\libhal_bsp.a(alt_io_redirect.o)
 .bss           0x0000000000009b50        0x0 ../SafeCpt_bsp/\libhal_bsp.a(alt_open.o)
 .bss           0x0000000000009b50        0x0 ../SafeCpt_bsp/\libhal_bsp.a(alt_release_fd.o)
 .bss           0x0000000000009b50        0x0 ../SafeCpt_bsp/\libhal_bsp.a(altera_nios2_gen2_irq.o)
 .bss           0x0000000000009b50        0x0 ../SafeCpt_bsp/\libhal_bsp.a(alt_find_dev.o)
 .bss           0x0000000000009b50        0x0 ../SafeCpt_bsp/\libhal_bsp.a(alt_find_file.o)
 .bss           0x0000000000009b50        0x0 ../SafeCpt_bsp/\libhal_bsp.a(alt_get_fd.o)
 .bss           0x0000000000009b50        0x0 d:/program files/altera/14.1/nios2eds/bin/gnu/h-x86_64-mingw32/bin/../lib/gcc/nios2-elf/4.8.3/../../../../../H-x86_64-mingw32/nios2-elf/lib/mno-hw-mul\libsmallc.a(lib_a-atexit.o)
 .bss           0x0000000000009b50        0x0 d:/program files/altera/14.1/nios2eds/bin/gnu/h-x86_64-mingw32/bin/../lib/gcc/nios2-elf/4.8.3/../../../../../H-x86_64-mingw32/nios2-elf/lib/mno-hw-mul\libsmallc.a(lib_a-exit.o)
 .bss           0x0000000000009b50        0x0 d:/program files/altera/14.1/nios2eds/bin/gnu/h-x86_64-mingw32/bin/../lib/gcc/nios2-elf/4.8.3/../../../../../H-x86_64-mingw32/nios2-elf/lib/mno-hw-mul\libsmallc.a(lib_a-int_errno.o)
 .bss           0x0000000000009b50        0x0 d:/program files/altera/14.1/nios2eds/bin/gnu/h-x86_64-mingw32/bin/../lib/gcc/nios2-elf/4.8.3/../../../../../H-x86_64-mingw32/nios2-elf/lib/mno-hw-mul\libsmallc.a(lib_a-memcmp.o)
 .bss           0x0000000000009b50        0x0 d:/program files/altera/14.1/nios2eds/bin/gnu/h-x86_64-mingw32/bin/../lib/gcc/nios2-elf/4.8.3/../../../../../H-x86_64-mingw32/nios2-elf/lib/mno-hw-mul\libsmallc.a(lib_a-strlen.o)
 .bss           0x0000000000009b50        0x0 d:/program files/altera/14.1/nios2eds/bin/gnu/h-x86_64-mingw32/bin/../lib/gcc/nios2-elf/4.8.3/../../../../../H-x86_64-mingw32/nios2-elf/lib/mno-hw-mul\libsmallc.a(lib_a-__atexit.o)
 .bss           0x0000000000009b50        0x0 d:/program files/altera/14.1/nios2eds/bin/gnu/h-x86_64-mingw32/bin/../lib/gcc/nios2-elf/4.8.3/../../../../../H-x86_64-mingw32/nios2-elf/lib/mno-hw-mul\libsmallc.a(lib_a-__call_atexit.o)
 .bss           0x0000000000009b50        0x0 d:/program files/altera/14.1/nios2eds/bin/gnu/h-x86_64-mingw32/bin/../lib/gcc/nios2-elf/4.8.3/../../../../../H-x86_64-mingw32/nios2-elf/lib/mno-hw-mul\libsmallc.a(lib_a-impure.o)
 .bss           0x0000000000009b50        0x0 d:/program files/altera/14.1/nios2eds/bin/gnu/h-x86_64-mingw32/bin/../lib/gcc/nios2-elf/4.8.3/mno-hw-mul\libgcc.a(lib2-divmod.o)
 .bss           0x0000000000009b50        0x0 d:/program files/altera/14.1/nios2eds/bin/gnu/h-x86_64-mingw32/bin/../lib/gcc/nios2-elf/4.8.3/mno-hw-mul\libgcc.a(lib2-mul.o)
 .bss           0x0000000000009b50        0x0 ../SafeCpt_bsp/\libhal_bsp.a(alt_exit.o)
 *(COMMON)
                0x0000000000009b50                . = ALIGN (0x4)
                0x0000000000009b50                __bss_end = ABSOLUTE (.)

.RAM            0x0000000000009b50        0x0
                0x0000000000009b50                PROVIDE (_alt_partition_RAM_start, ABSOLUTE (.))
 *(.RAM .RAM. RAM.*)
                0x0000000000009b50                . = ALIGN (0x4)
                0x0000000000009b50                PROVIDE (_alt_partition_RAM_end, ABSOLUTE (.))
                0x0000000000009b50                _end = ABSOLUTE (.)
                0x0000000000009b50                end = ABSOLUTE (.)
                0x0000000000009b50                __alt_stack_base = ABSOLUTE (.)
                0x0000000000009b50                PROVIDE (_alt_partition_RAM_load_addr, LOADADDR (.RAM))

.stab
 *(.stab)

.stabstr
 *(.stabstr)

.stab.excl
 *(.stab.excl)

.stab.exclstr
 *(.stab.exclstr)

.stab.index
 *(.stab.index)

.stab.indexstr
 *(.stab.indexstr)

.comment        0x0000000000000000       0x39
 *(.comment)
 .comment       0x0000000000000000       0x39 obj/default/main/main.o
                                         0x3a (size before relaxing)
 .comment       0x0000000000000000       0x3a ../SafeCpt_bsp/\libhal_bsp.a(alt_load.o)
 .comment       0x0000000000000000       0x3a ../SafeCpt_bsp/\libhal_bsp.a(alt_main.o)
 .comment       0x0000000000000000       0x3a ../SafeCpt_bsp/\libhal_bsp.a(alt_usleep.o)
 .comment       0x0000000000000000       0x3a ../SafeCpt_bsp/\libhal_bsp.a(alt_sys_init.o)
 .comment       0x0000000000000000       0x3a ../SafeCpt_bsp/\libhal_bsp.a(altera_avalon_jtag_uart_fd.o)
 .comment       0x0000000000000000       0x3a ../SafeCpt_bsp/\libhal_bsp.a(altera_avalon_jtag_uart_read.o)
 .comment       0x0000000000000000       0x3a ../SafeCpt_bsp/\libhal_bsp.a(altera_avalon_jtag_uart_write.o)
 .comment       0x0000000000000000       0x3a ../SafeCpt_bsp/\libhal_bsp.a(alt_busy_sleep.o)
 .comment       0x0000000000000000       0x3a ../SafeCpt_bsp/\libhal_bsp.a(alt_close.o)
 .comment       0x0000000000000000       0x3a ../SafeCpt_bsp/\libhal_bsp.a(alt_dcache_flush_all.o)
 .comment       0x0000000000000000       0x3a ../SafeCpt_bsp/\libhal_bsp.a(alt_dev.o)
 .comment       0x0000000000000000       0x3a ../SafeCpt_bsp/\libhal_bsp.a(alt_dev_llist_insert.o)
 .comment       0x0000000000000000       0x3a ../SafeCpt_bsp/\libhal_bsp.a(alt_do_ctors.o)
 .comment       0x0000000000000000       0x3a ../SafeCpt_bsp/\libhal_bsp.a(alt_do_dtors.o)
 .comment       0x0000000000000000       0x3a ../SafeCpt_bsp/\libhal_bsp.a(alt_errno.o)
 .comment       0x0000000000000000       0x3a ../SafeCpt_bsp/\libhal_bsp.a(alt_icache_flush_all.o)
 .comment       0x0000000000000000       0x3a ../SafeCpt_bsp/\libhal_bsp.a(alt_io_redirect.o)
 .comment       0x0000000000000000       0x3a ../SafeCpt_bsp/\libhal_bsp.a(alt_open.o)
 .comment       0x0000000000000000       0x3a ../SafeCpt_bsp/\libhal_bsp.a(alt_release_fd.o)
 .comment       0x0000000000000000       0x3a ../SafeCpt_bsp/\libhal_bsp.a(altera_nios2_gen2_irq.o)
 .comment       0x0000000000000000       0x3a ../SafeCpt_bsp/\libhal_bsp.a(alt_find_dev.o)
 .comment       0x0000000000000000       0x3a ../SafeCpt_bsp/\libhal_bsp.a(alt_find_file.o)
 .comment       0x0000000000000000       0x3a ../SafeCpt_bsp/\libhal_bsp.a(alt_get_fd.o)
 .comment       0x0000000000000000       0x3a d:/program files/altera/14.1/nios2eds/bin/gnu/h-x86_64-mingw32/bin/../lib/gcc/nios2-elf/4.8.3/../../../../../H-x86_64-mingw32/nios2-elf/lib/mno-hw-mul\libsmallc.a(lib_a-atexit.o)
 .comment       0x0000000000000000       0x3a d:/program files/altera/14.1/nios2eds/bin/gnu/h-x86_64-mingw32/bin/../lib/gcc/nios2-elf/4.8.3/../../../../../H-x86_64-mingw32/nios2-elf/lib/mno-hw-mul\libsmallc.a(lib_a-exit.o)
 .comment       0x0000000000000000       0x3a d:/program files/altera/14.1/nios2eds/bin/gnu/h-x86_64-mingw32/bin/../lib/gcc/nios2-elf/4.8.3/../../../../../H-x86_64-mingw32/nios2-elf/lib/mno-hw-mul\libsmallc.a(lib_a-int_errno.o)
 .comment       0x0000000000000000       0x3a d:/program files/altera/14.1/nios2eds/bin/gnu/h-x86_64-mingw32/bin/../lib/gcc/nios2-elf/4.8.3/../../../../../H-x86_64-mingw32/nios2-elf/lib/mno-hw-mul\libsmallc.a(lib_a-memcmp.o)
 .comment       0x0000000000000000       0x3a d:/program files/altera/14.1/nios2eds/bin/gnu/h-x86_64-mingw32/bin/../lib/gcc/nios2-elf/4.8.3/../../../../../H-x86_64-mingw32/nios2-elf/lib/mno-hw-mul\libsmallc.a(lib_a-strlen.o)
 .comment       0x0000000000000000       0x3a d:/program files/altera/14.1/nios2eds/bin/gnu/h-x86_64-mingw32/bin/../lib/gcc/nios2-elf/4.8.3/../../../../../H-x86_64-mingw32/nios2-elf/lib/mno-hw-mul\libsmallc.a(lib_a-__atexit.o)
 .comment       0x0000000000000000       0x3a d:/program files/altera/14.1/nios2eds/bin/gnu/h-x86_64-mingw32/bin/../lib/gcc/nios2-elf/4.8.3/../../../../../H-x86_64-mingw32/nios2-elf/lib/mno-hw-mul\libsmallc.a(lib_a-__call_atexit.o)
 .comment       0x0000000000000000       0x3a d:/program files/altera/14.1/nios2eds/bin/gnu/h-x86_64-mingw32/bin/../lib/gcc/nios2-elf/4.8.3/../../../../../H-x86_64-mingw32/nios2-elf/lib/mno-hw-mul\libsmallc.a(lib_a-impure.o)
 .comment       0x0000000000000000       0x3a d:/program files/altera/14.1/nios2eds/bin/gnu/h-x86_64-mingw32/bin/../lib/gcc/nios2-elf/4.8.3/mno-hw-mul\libgcc.a(lib2-divmod.o)
 .comment       0x0000000000000000       0x3a d:/program files/altera/14.1/nios2eds/bin/gnu/h-x86_64-mingw32/bin/../lib/gcc/nios2-elf/4.8.3/mno-hw-mul\libgcc.a(lib2-mul.o)
 .comment       0x0000000000000000       0x3a ../SafeCpt_bsp/\libhal_bsp.a(alt_exit.o)

.debug
 *(.debug)

.line
 *(.line)

.debug_srcinfo
 *(.debug_srcinfo)

.debug_sfnames
 *(.debug_sfnames)

.debug_aranges  0x0000000000000000      0x470
 *(.debug_aranges)
 .debug_aranges
                0x0000000000000000       0x28 ../SafeCpt_bsp//obj/HAL/src/crt0.o
 .debug_aranges
                0x0000000000000028       0x20 obj/default/main/main.o
 .debug_aranges
                0x0000000000000048       0x20 ../SafeCpt_bsp/\libhal_bsp.a(alt_load.o)
 .debug_aranges
                0x0000000000000068       0x20 ../SafeCpt_bsp/\libhal_bsp.a(alt_main.o)
 .debug_aranges
                0x0000000000000088       0x20 ../SafeCpt_bsp/\libhal_bsp.a(alt_usleep.o)
 .debug_aranges
                0x00000000000000a8       0x20 ../SafeCpt_bsp/\libhal_bsp.a(alt_sys_init.o)
 .debug_aranges
                0x00000000000000c8       0x20 ../SafeCpt_bsp/\libhal_bsp.a(altera_avalon_jtag_uart_fd.o)
 .debug_aranges
                0x00000000000000e8       0x20 ../SafeCpt_bsp/\libhal_bsp.a(altera_avalon_jtag_uart_read.o)
 .debug_aranges
                0x0000000000000108       0x20 ../SafeCpt_bsp/\libhal_bsp.a(altera_avalon_jtag_uart_write.o)
 .debug_aranges
                0x0000000000000128       0x20 ../SafeCpt_bsp/\libhal_bsp.a(alt_busy_sleep.o)
 .debug_aranges
                0x0000000000000148       0x20 ../SafeCpt_bsp/\libhal_bsp.a(alt_close.o)
 .debug_aranges
                0x0000000000000168       0x20 ../SafeCpt_bsp/\libhal_bsp.a(alt_dcache_flush_all.o)
 .debug_aranges
                0x0000000000000188       0x20 ../SafeCpt_bsp/\libhal_bsp.a(alt_dev.o)
 .debug_aranges
                0x00000000000001a8       0x20 ../SafeCpt_bsp/\libhal_bsp.a(alt_dev_llist_insert.o)
 .debug_aranges
                0x00000000000001c8       0x20 ../SafeCpt_bsp/\libhal_bsp.a(alt_do_ctors.o)
 .debug_aranges
                0x00000000000001e8       0x20 ../SafeCpt_bsp/\libhal_bsp.a(alt_do_dtors.o)
 .debug_aranges
                0x0000000000000208       0x18 ../SafeCpt_bsp/\libhal_bsp.a(alt_errno.o)
 .debug_aranges
                0x0000000000000220       0x20 ../SafeCpt_bsp/\libhal_bsp.a(alt_icache_flush_all.o)
 .debug_aranges
                0x0000000000000240       0x20 ../SafeCpt_bsp/\libhal_bsp.a(alt_io_redirect.o)
 .debug_aranges
                0x0000000000000260       0x20 ../SafeCpt_bsp/\libhal_bsp.a(alt_open.o)
 .debug_aranges
                0x0000000000000280       0x20 ../SafeCpt_bsp/\libhal_bsp.a(alt_release_fd.o)
 .debug_aranges
                0x00000000000002a0       0x20 ../SafeCpt_bsp/\libhal_bsp.a(altera_nios2_gen2_irq.o)
 .debug_aranges
                0x00000000000002c0       0x20 ../SafeCpt_bsp/\libhal_bsp.a(alt_find_dev.o)
 .debug_aranges
                0x00000000000002e0       0x20 ../SafeCpt_bsp/\libhal_bsp.a(alt_find_file.o)
 .debug_aranges
                0x0000000000000300       0x20 ../SafeCpt_bsp/\libhal_bsp.a(alt_get_fd.o)
 .debug_aranges
                0x0000000000000320       0x20 d:/program files/altera/14.1/nios2eds/bin/gnu/h-x86_64-mingw32/bin/../lib/gcc/nios2-elf/4.8.3/../../../../../H-x86_64-mingw32/nios2-elf/lib/mno-hw-mul\libsmallc.a(lib_a-atexit.o)
 .debug_aranges
                0x0000000000000340       0x20 d:/program files/altera/14.1/nios2eds/bin/gnu/h-x86_64-mingw32/bin/../lib/gcc/nios2-elf/4.8.3/../../../../../H-x86_64-mingw32/nios2-elf/lib/mno-hw-mul\libsmallc.a(lib_a-exit.o)
 .debug_aranges
                0x0000000000000360       0x18 d:/program files/altera/14.1/nios2eds/bin/gnu/h-x86_64-mingw32/bin/../lib/gcc/nios2-elf/4.8.3/../../../../../H-x86_64-mingw32/nios2-elf/lib/mno-hw-mul\libsmallc.a(lib_a-int_errno.o)
 .debug_aranges
                0x0000000000000378       0x20 d:/program files/altera/14.1/nios2eds/bin/gnu/h-x86_64-mingw32/bin/../lib/gcc/nios2-elf/4.8.3/../../../../../H-x86_64-mingw32/nios2-elf/lib/mno-hw-mul\libsmallc.a(lib_a-memcmp.o)
 .debug_aranges
                0x0000000000000398       0x20 d:/program files/altera/14.1/nios2eds/bin/gnu/h-x86_64-mingw32/bin/../lib/gcc/nios2-elf/4.8.3/../../../../../H-x86_64-mingw32/nios2-elf/lib/mno-hw-mul\libsmallc.a(lib_a-strlen.o)
 .debug_aranges
                0x00000000000003b8       0x20 d:/program files/altera/14.1/nios2eds/bin/gnu/h-x86_64-mingw32/bin/../lib/gcc/nios2-elf/4.8.3/../../../../../H-x86_64-mingw32/nios2-elf/lib/mno-hw-mul\libsmallc.a(lib_a-__atexit.o)
 .debug_aranges
                0x00000000000003d8       0x20 d:/program files/altera/14.1/nios2eds/bin/gnu/h-x86_64-mingw32/bin/../lib/gcc/nios2-elf/4.8.3/../../../../../H-x86_64-mingw32/nios2-elf/lib/mno-hw-mul\libsmallc.a(lib_a-__call_atexit.o)
 .debug_aranges
                0x00000000000003f8       0x18 d:/program files/altera/14.1/nios2eds/bin/gnu/h-x86_64-mingw32/bin/../lib/gcc/nios2-elf/4.8.3/../../../../../H-x86_64-mingw32/nios2-elf/lib/mno-hw-mul\libsmallc.a(lib_a-impure.o)
 .debug_aranges
                0x0000000000000410       0x20 d:/program files/altera/14.1/nios2eds/bin/gnu/h-x86_64-mingw32/bin/../lib/gcc/nios2-elf/4.8.3/mno-hw-mul\libgcc.a(lib2-divmod.o)
 .debug_aranges
                0x0000000000000430       0x20 d:/program files/altera/14.1/nios2eds/bin/gnu/h-x86_64-mingw32/bin/../lib/gcc/nios2-elf/4.8.3/mno-hw-mul\libgcc.a(lib2-mul.o)
 .debug_aranges
                0x0000000000000450       0x20 ../SafeCpt_bsp/\libhal_bsp.a(alt_exit.o)

.debug_pubnames
 *(.debug_pubnames)

.debug_info     0x0000000000000000     0x4b23
 *(.debug_info .gnu.linkonce.wi.*)
 .debug_info    0x0000000000000000       0x7e ../SafeCpt_bsp//obj/HAL/src/crt0.o
 .debug_info    0x000000000000007e      0x119 obj/default/main/main.o
 .debug_info    0x0000000000000197      0x13e ../SafeCpt_bsp/\libhal_bsp.a(alt_load.o)
 .debug_info    0x00000000000002d5      0x12a ../SafeCpt_bsp/\libhal_bsp.a(alt_main.o)
 .debug_info    0x00000000000003ff       0xa9 ../SafeCpt_bsp/\libhal_bsp.a(alt_usleep.o)
 .debug_info    0x00000000000004a8      0x3c2 ../SafeCpt_bsp/\libhal_bsp.a(alt_sys_init.o)
 .debug_info    0x000000000000086a      0x3a0 ../SafeCpt_bsp/\libhal_bsp.a(altera_avalon_jtag_uart_fd.o)
 .debug_info    0x0000000000000c0a      0x1af ../SafeCpt_bsp/\libhal_bsp.a(altera_avalon_jtag_uart_read.o)
 .debug_info    0x0000000000000db9      0x18e ../SafeCpt_bsp/\libhal_bsp.a(altera_avalon_jtag_uart_write.o)
 .debug_info    0x0000000000000f47       0xd0 ../SafeCpt_bsp/\libhal_bsp.a(alt_busy_sleep.o)
 .debug_info    0x0000000000001017      0x31a ../SafeCpt_bsp/\libhal_bsp.a(alt_close.o)
 .debug_info    0x0000000000001331       0x8b ../SafeCpt_bsp/\libhal_bsp.a(alt_dcache_flush_all.o)
 .debug_info    0x00000000000013bc      0x495 ../SafeCpt_bsp/\libhal_bsp.a(alt_dev.o)
 .debug_info    0x0000000000001851      0x1a2 ../SafeCpt_bsp/\libhal_bsp.a(alt_dev_llist_insert.o)
 .debug_info    0x00000000000019f3       0x83 ../SafeCpt_bsp/\libhal_bsp.a(alt_do_ctors.o)
 .debug_info    0x0000000000001a76       0x83 ../SafeCpt_bsp/\libhal_bsp.a(alt_do_dtors.o)
 .debug_info    0x0000000000001af9       0x9f ../SafeCpt_bsp/\libhal_bsp.a(alt_errno.o)
 .debug_info    0x0000000000001b98       0x8b ../SafeCpt_bsp/\libhal_bsp.a(alt_icache_flush_all.o)
 .debug_info    0x0000000000001c23      0x49e ../SafeCpt_bsp/\libhal_bsp.a(alt_io_redirect.o)
 .debug_info    0x00000000000020c1      0x3b4 ../SafeCpt_bsp/\libhal_bsp.a(alt_open.o)
 .debug_info    0x0000000000002475      0x2b0 ../SafeCpt_bsp/\libhal_bsp.a(alt_release_fd.o)
 .debug_info    0x0000000000002725       0x8b ../SafeCpt_bsp/\libhal_bsp.a(altera_nios2_gen2_irq.o)
 .debug_info    0x00000000000027b0      0x2e2 ../SafeCpt_bsp/\libhal_bsp.a(alt_find_dev.o)
 .debug_info    0x0000000000002a92      0x2df ../SafeCpt_bsp/\libhal_bsp.a(alt_find_file.o)
 .debug_info    0x0000000000002d71      0x309 ../SafeCpt_bsp/\libhal_bsp.a(alt_get_fd.o)
 .debug_info    0x000000000000307a      0x10a d:/program files/altera/14.1/nios2eds/bin/gnu/h-x86_64-mingw32/bin/../lib/gcc/nios2-elf/4.8.3/../../../../../H-x86_64-mingw32/nios2-elf/lib/mno-hw-mul\libsmallc.a(lib_a-atexit.o)
 .debug_info    0x0000000000003184       0xed d:/program files/altera/14.1/nios2eds/bin/gnu/h-x86_64-mingw32/bin/../lib/gcc/nios2-elf/4.8.3/../../../../../H-x86_64-mingw32/nios2-elf/lib/mno-hw-mul\libsmallc.a(lib_a-exit.o)
 .debug_info    0x0000000000003271       0x83 d:/program files/altera/14.1/nios2eds/bin/gnu/h-x86_64-mingw32/bin/../lib/gcc/nios2-elf/4.8.3/../../../../../H-x86_64-mingw32/nios2-elf/lib/mno-hw-mul\libsmallc.a(lib_a-int_errno.o)
 .debug_info    0x00000000000032f4       0xed d:/program files/altera/14.1/nios2eds/bin/gnu/h-x86_64-mingw32/bin/../lib/gcc/nios2-elf/4.8.3/../../../../../H-x86_64-mingw32/nios2-elf/lib/mno-hw-mul\libsmallc.a(lib_a-memcmp.o)
 .debug_info    0x00000000000033e1       0xc2 d:/program files/altera/14.1/nios2eds/bin/gnu/h-x86_64-mingw32/bin/../lib/gcc/nios2-elf/4.8.3/../../../../../H-x86_64-mingw32/nios2-elf/lib/mno-hw-mul\libsmallc.a(lib_a-strlen.o)
 .debug_info    0x00000000000034a3      0x65d d:/program files/altera/14.1/nios2eds/bin/gnu/h-x86_64-mingw32/bin/../lib/gcc/nios2-elf/4.8.3/../../../../../H-x86_64-mingw32/nios2-elf/lib/mno-hw-mul\libsmallc.a(lib_a-__atexit.o)
 .debug_info    0x0000000000003b00      0x673 d:/program files/altera/14.1/nios2eds/bin/gnu/h-x86_64-mingw32/bin/../lib/gcc/nios2-elf/4.8.3/../../../../../H-x86_64-mingw32/nios2-elf/lib/mno-hw-mul\libsmallc.a(lib_a-__call_atexit.o)
 .debug_info    0x0000000000004173      0x5a7 d:/program files/altera/14.1/nios2eds/bin/gnu/h-x86_64-mingw32/bin/../lib/gcc/nios2-elf/4.8.3/../../../../../H-x86_64-mingw32/nios2-elf/lib/mno-hw-mul\libsmallc.a(lib_a-impure.o)
 .debug_info    0x000000000000471a      0x270 d:/program files/altera/14.1/nios2eds/bin/gnu/h-x86_64-mingw32/bin/../lib/gcc/nios2-elf/4.8.3/mno-hw-mul\libgcc.a(lib2-divmod.o)
 .debug_info    0x000000000000498a       0xb4 d:/program files/altera/14.1/nios2eds/bin/gnu/h-x86_64-mingw32/bin/../lib/gcc/nios2-elf/4.8.3/mno-hw-mul\libgcc.a(lib2-mul.o)
 .debug_info    0x0000000000004a3e       0xe5 ../SafeCpt_bsp/\libhal_bsp.a(alt_exit.o)

.debug_abbrev   0x0000000000000000     0x1c0c
 *(.debug_abbrev)
 .debug_abbrev  0x0000000000000000       0x12 ../SafeCpt_bsp//obj/HAL/src/crt0.o
 .debug_abbrev  0x0000000000000012       0xbf obj/default/main/main.o
 .debug_abbrev  0x00000000000000d1       0x9f ../SafeCpt_bsp/\libhal_bsp.a(alt_load.o)
 .debug_abbrev  0x0000000000000170       0xba ../SafeCpt_bsp/\libhal_bsp.a(alt_main.o)
 .debug_abbrev  0x000000000000022a       0x60 ../SafeCpt_bsp/\libhal_bsp.a(alt_usleep.o)
 .debug_abbrev  0x000000000000028a      0x155 ../SafeCpt_bsp/\libhal_bsp.a(alt_sys_init.o)
 .debug_abbrev  0x00000000000003df       0xf7 ../SafeCpt_bsp/\libhal_bsp.a(altera_avalon_jtag_uart_fd.o)
 .debug_abbrev  0x00000000000004d6       0xd7 ../SafeCpt_bsp/\libhal_bsp.a(altera_avalon_jtag_uart_read.o)
 .debug_abbrev  0x00000000000005ad       0xd5 ../SafeCpt_bsp/\libhal_bsp.a(altera_avalon_jtag_uart_write.o)
 .debug_abbrev  0x0000000000000682       0x7e ../SafeCpt_bsp/\libhal_bsp.a(alt_busy_sleep.o)
 .debug_abbrev  0x0000000000000700      0x11f ../SafeCpt_bsp/\libhal_bsp.a(alt_close.o)
 .debug_abbrev  0x000000000000081f       0x42 ../SafeCpt_bsp/\libhal_bsp.a(alt_dcache_flush_all.o)
 .debug_abbrev  0x0000000000000861       0xd9 ../SafeCpt_bsp/\libhal_bsp.a(alt_dev.o)
 .debug_abbrev  0x000000000000093a      0x114 ../SafeCpt_bsp/\libhal_bsp.a(alt_dev_llist_insert.o)
 .debug_abbrev  0x0000000000000a4e       0x79 ../SafeCpt_bsp/\libhal_bsp.a(alt_do_ctors.o)
 .debug_abbrev  0x0000000000000ac7       0x79 ../SafeCpt_bsp/\libhal_bsp.a(alt_do_dtors.o)
 .debug_abbrev  0x0000000000000b40       0x5a ../SafeCpt_bsp/\libhal_bsp.a(alt_errno.o)
 .debug_abbrev  0x0000000000000b9a       0x42 ../SafeCpt_bsp/\libhal_bsp.a(alt_icache_flush_all.o)
 .debug_abbrev  0x0000000000000bdc      0x114 ../SafeCpt_bsp/\libhal_bsp.a(alt_io_redirect.o)
 .debug_abbrev  0x0000000000000cf0      0x148 ../SafeCpt_bsp/\libhal_bsp.a(alt_open.o)
 .debug_abbrev  0x0000000000000e38       0xde ../SafeCpt_bsp/\libhal_bsp.a(alt_release_fd.o)
 .debug_abbrev  0x0000000000000f16       0x42 ../SafeCpt_bsp/\libhal_bsp.a(altera_nios2_gen2_irq.o)
 .debug_abbrev  0x0000000000000f58       0xf0 ../SafeCpt_bsp/\libhal_bsp.a(alt_find_dev.o)
 .debug_abbrev  0x0000000000001048       0xf0 ../SafeCpt_bsp/\libhal_bsp.a(alt_find_file.o)
 .debug_abbrev  0x0000000000001138      0x10d ../SafeCpt_bsp/\libhal_bsp.a(alt_get_fd.o)
 .debug_abbrev  0x0000000000001245       0xb8 d:/program files/altera/14.1/nios2eds/bin/gnu/h-x86_64-mingw32/bin/../lib/gcc/nios2-elf/4.8.3/../../../../../H-x86_64-mingw32/nios2-elf/lib/mno-hw-mul\libsmallc.a(lib_a-atexit.o)
 .debug_abbrev  0x00000000000012fd       0xa9 d:/program files/altera/14.1/nios2eds/bin/gnu/h-x86_64-mingw32/bin/../lib/gcc/nios2-elf/4.8.3/../../../../../H-x86_64-mingw32/nios2-elf/lib/mno-hw-mul\libsmallc.a(lib_a-exit.o)
 .debug_abbrev  0x00000000000013a6       0x37 d:/program files/altera/14.1/nios2eds/bin/gnu/h-x86_64-mingw32/bin/../lib/gcc/nios2-elf/4.8.3/../../../../../H-x86_64-mingw32/nios2-elf/lib/mno-hw-mul\libsmallc.a(lib_a-int_errno.o)
 .debug_abbrev  0x00000000000013dd       0x7f d:/program files/altera/14.1/nios2eds/bin/gnu/h-x86_64-mingw32/bin/../lib/gcc/nios2-elf/4.8.3/../../../../../H-x86_64-mingw32/nios2-elf/lib/mno-hw-mul\libsmallc.a(lib_a-memcmp.o)
 .debug_abbrev  0x000000000000145c       0x7f d:/program files/altera/14.1/nios2eds/bin/gnu/h-x86_64-mingw32/bin/../lib/gcc/nios2-elf/4.8.3/../../../../../H-x86_64-mingw32/nios2-elf/lib/mno-hw-mul\libsmallc.a(lib_a-strlen.o)
 .debug_abbrev  0x00000000000014db      0x1f3 d:/program files/altera/14.1/nios2eds/bin/gnu/h-x86_64-mingw32/bin/../lib/gcc/nios2-elf/4.8.3/../../../../../H-x86_64-mingw32/nios2-elf/lib/mno-hw-mul\libsmallc.a(lib_a-__atexit.o)
 .debug_abbrev  0x00000000000016ce      0x1e9 d:/program files/altera/14.1/nios2eds/bin/gnu/h-x86_64-mingw32/bin/../lib/gcc/nios2-elf/4.8.3/../../../../../H-x86_64-mingw32/nios2-elf/lib/mno-hw-mul\libsmallc.a(lib_a-__call_atexit.o)
 .debug_abbrev  0x00000000000018b7      0x14a d:/program files/altera/14.1/nios2eds/bin/gnu/h-x86_64-mingw32/bin/../lib/gcc/nios2-elf/4.8.3/../../../../../H-x86_64-mingw32/nios2-elf/lib/mno-hw-mul\libsmallc.a(lib_a-impure.o)
 .debug_abbrev  0x0000000000001a01       0xf6 d:/program files/altera/14.1/nios2eds/bin/gnu/h-x86_64-mingw32/bin/../lib/gcc/nios2-elf/4.8.3/mno-hw-mul\libgcc.a(lib2-divmod.o)
 .debug_abbrev  0x0000000000001af7       0x6f d:/program files/altera/14.1/nios2eds/bin/gnu/h-x86_64-mingw32/bin/../lib/gcc/nios2-elf/4.8.3/mno-hw-mul\libgcc.a(lib2-mul.o)
 .debug_abbrev  0x0000000000001b66       0xa6 ../SafeCpt_bsp/\libhal_bsp.a(alt_exit.o)

.debug_line     0x0000000000000000     0x21d1
 *(.debug_line)
 .debug_line    0x0000000000000000       0x66 ../SafeCpt_bsp//obj/HAL/src/crt0.o
 .debug_line    0x0000000000000066      0x2a5 obj/default/main/main.o
 .debug_line    0x000000000000030b       0x91 ../SafeCpt_bsp/\libhal_bsp.a(alt_load.o)
 .debug_line    0x000000000000039c       0xa4 ../SafeCpt_bsp/\libhal_bsp.a(alt_main.o)
 .debug_line    0x0000000000000440       0xb3 ../SafeCpt_bsp/\libhal_bsp.a(alt_usleep.o)
 .debug_line    0x00000000000004f3      0x127 ../SafeCpt_bsp/\libhal_bsp.a(alt_sys_init.o)
 .debug_line    0x000000000000061a      0x112 ../SafeCpt_bsp/\libhal_bsp.a(altera_avalon_jtag_uart_fd.o)
 .debug_line    0x000000000000072c      0x103 ../SafeCpt_bsp/\libhal_bsp.a(altera_avalon_jtag_uart_read.o)
 .debug_line    0x000000000000082f       0xf8 ../SafeCpt_bsp/\libhal_bsp.a(altera_avalon_jtag_uart_write.o)
 .debug_line    0x0000000000000927       0xa2 ../SafeCpt_bsp/\libhal_bsp.a(alt_busy_sleep.o)
 .debug_line    0x00000000000009c9      0x16b ../SafeCpt_bsp/\libhal_bsp.a(alt_close.o)
 .debug_line    0x0000000000000b34       0x51 ../SafeCpt_bsp/\libhal_bsp.a(alt_dcache_flush_all.o)
 .debug_line    0x0000000000000b85       0xfe ../SafeCpt_bsp/\libhal_bsp.a(alt_dev.o)
 .debug_line    0x0000000000000c83       0xd0 ../SafeCpt_bsp/\libhal_bsp.a(alt_dev_llist_insert.o)
 .debug_line    0x0000000000000d53       0x59 ../SafeCpt_bsp/\libhal_bsp.a(alt_do_ctors.o)
 .debug_line    0x0000000000000dac       0x59 ../SafeCpt_bsp/\libhal_bsp.a(alt_do_dtors.o)
 .debug_line    0x0000000000000e05       0x51 ../SafeCpt_bsp/\libhal_bsp.a(alt_errno.o)
 .debug_line    0x0000000000000e56       0x4f ../SafeCpt_bsp/\libhal_bsp.a(alt_icache_flush_all.o)
 .debug_line    0x0000000000000ea5      0x13b ../SafeCpt_bsp/\libhal_bsp.a(alt_io_redirect.o)
 .debug_line    0x0000000000000fe0      0x128 ../SafeCpt_bsp/\libhal_bsp.a(alt_open.o)
 .debug_line    0x0000000000001108       0xb0 ../SafeCpt_bsp/\libhal_bsp.a(alt_release_fd.o)
 .debug_line    0x00000000000011b8       0x51 ../SafeCpt_bsp/\libhal_bsp.a(altera_nios2_gen2_irq.o)
 .debug_line    0x0000000000001209       0xb9 ../SafeCpt_bsp/\libhal_bsp.a(alt_find_dev.o)
 .debug_line    0x00000000000012c2       0xd5 ../SafeCpt_bsp/\libhal_bsp.a(alt_find_file.o)
 .debug_line    0x0000000000001397       0xd4 ../SafeCpt_bsp/\libhal_bsp.a(alt_get_fd.o)
 .debug_line    0x000000000000146b       0xf3 d:/program files/altera/14.1/nios2eds/bin/gnu/h-x86_64-mingw32/bin/../lib/gcc/nios2-elf/4.8.3/../../../../../H-x86_64-mingw32/nios2-elf/lib/mno-hw-mul\libsmallc.a(lib_a-atexit.o)
 .debug_line    0x000000000000155e      0x16c d:/program files/altera/14.1/nios2eds/bin/gnu/h-x86_64-mingw32/bin/../lib/gcc/nios2-elf/4.8.3/../../../../../H-x86_64-mingw32/nios2-elf/lib/mno-hw-mul\libsmallc.a(lib_a-exit.o)
 .debug_line    0x00000000000016ca       0x60 d:/program files/altera/14.1/nios2eds/bin/gnu/h-x86_64-mingw32/bin/../lib/gcc/nios2-elf/4.8.3/../../../../../H-x86_64-mingw32/nios2-elf/lib/mno-hw-mul\libsmallc.a(lib_a-int_errno.o)
 .debug_line    0x000000000000172a      0x178 d:/program files/altera/14.1/nios2eds/bin/gnu/h-x86_64-mingw32/bin/../lib/gcc/nios2-elf/4.8.3/../../../../../H-x86_64-mingw32/nios2-elf/lib/mno-hw-mul\libsmallc.a(lib_a-memcmp.o)
 .debug_line    0x00000000000018a2      0x177 d:/program files/altera/14.1/nios2eds/bin/gnu/h-x86_64-mingw32/bin/../lib/gcc/nios2-elf/4.8.3/../../../../../H-x86_64-mingw32/nios2-elf/lib/mno-hw-mul\libsmallc.a(lib_a-strlen.o)
 .debug_line    0x0000000000001a19      0x22b d:/program files/altera/14.1/nios2eds/bin/gnu/h-x86_64-mingw32/bin/../lib/gcc/nios2-elf/4.8.3/../../../../../H-x86_64-mingw32/nios2-elf/lib/mno-hw-mul\libsmallc.a(lib_a-__atexit.o)
 .debug_line    0x0000000000001c44      0x263 d:/program files/altera/14.1/nios2eds/bin/gnu/h-x86_64-mingw32/bin/../lib/gcc/nios2-elf/4.8.3/../../../../../H-x86_64-mingw32/nios2-elf/lib/mno-hw-mul\libsmallc.a(lib_a-__call_atexit.o)
 .debug_line    0x0000000000001ea7      0x16a d:/program files/altera/14.1/nios2eds/bin/gnu/h-x86_64-mingw32/bin/../lib/gcc/nios2-elf/4.8.3/../../../../../H-x86_64-mingw32/nios2-elf/lib/mno-hw-mul\libsmallc.a(lib_a-impure.o)
 .debug_line    0x0000000000002011       0xce d:/program files/altera/14.1/nios2eds/bin/gnu/h-x86_64-mingw32/bin/../lib/gcc/nios2-elf/4.8.3/mno-hw-mul\libgcc.a(lib2-divmod.o)
 .debug_line    0x00000000000020df       0x81 d:/program files/altera/14.1/nios2eds/bin/gnu/h-x86_64-mingw32/bin/../lib/gcc/nios2-elf/4.8.3/mno-hw-mul\libgcc.a(lib2-mul.o)
 .debug_line    0x0000000000002160       0x71 ../SafeCpt_bsp/\libhal_bsp.a(alt_exit.o)

.debug_frame    0x0000000000000000      0x840
 *(.debug_frame)
 .debug_frame   0x0000000000000000       0x30 obj/default/main/main.o
 .debug_frame   0x0000000000000030       0x5c ../SafeCpt_bsp/\libhal_bsp.a(alt_load.o)
 .debug_frame   0x000000000000008c       0x2c ../SafeCpt_bsp/\libhal_bsp.a(alt_main.o)
 .debug_frame   0x00000000000000b8       0x38 ../SafeCpt_bsp/\libhal_bsp.a(alt_usleep.o)
 .debug_frame   0x00000000000000f0       0x88 ../SafeCpt_bsp/\libhal_bsp.a(alt_sys_init.o)
 .debug_frame   0x0000000000000178       0x60 ../SafeCpt_bsp/\libhal_bsp.a(altera_avalon_jtag_uart_fd.o)
 .debug_frame   0x00000000000001d8       0x34 ../SafeCpt_bsp/\libhal_bsp.a(altera_avalon_jtag_uart_read.o)
 .debug_frame   0x000000000000020c       0x34 ../SafeCpt_bsp/\libhal_bsp.a(altera_avalon_jtag_uart_write.o)
 .debug_frame   0x0000000000000240       0x38 ../SafeCpt_bsp/\libhal_bsp.a(alt_busy_sleep.o)
 .debug_frame   0x0000000000000278       0x60 ../SafeCpt_bsp/\libhal_bsp.a(alt_close.o)
 .debug_frame   0x00000000000002d8       0x34 ../SafeCpt_bsp/\libhal_bsp.a(alt_dcache_flush_all.o)
 .debug_frame   0x000000000000030c       0x34 ../SafeCpt_bsp/\libhal_bsp.a(alt_dev.o)
 .debug_frame   0x0000000000000340       0x60 ../SafeCpt_bsp/\libhal_bsp.a(alt_dev_llist_insert.o)
 .debug_frame   0x00000000000003a0       0x38 ../SafeCpt_bsp/\libhal_bsp.a(alt_do_ctors.o)
 .debug_frame   0x00000000000003d8       0x38 ../SafeCpt_bsp/\libhal_bsp.a(alt_do_dtors.o)
 .debug_frame   0x0000000000000410       0x34 ../SafeCpt_bsp/\libhal_bsp.a(alt_icache_flush_all.o)
 .debug_frame   0x0000000000000444       0x64 ../SafeCpt_bsp/\libhal_bsp.a(alt_io_redirect.o)
 .debug_frame   0x00000000000004a8       0x8c ../SafeCpt_bsp/\libhal_bsp.a(alt_open.o)
 .debug_frame   0x0000000000000534       0x3c ../SafeCpt_bsp/\libhal_bsp.a(alt_release_fd.o)
 .debug_frame   0x0000000000000570       0x34 ../SafeCpt_bsp/\libhal_bsp.a(altera_nios2_gen2_irq.o)
 .debug_frame   0x00000000000005a4       0x38 ../SafeCpt_bsp/\libhal_bsp.a(alt_find_dev.o)
 .debug_frame   0x00000000000005dc       0x38 ../SafeCpt_bsp/\libhal_bsp.a(alt_find_file.o)
 .debug_frame   0x0000000000000614       0x3c ../SafeCpt_bsp/\libhal_bsp.a(alt_get_fd.o)
 .debug_frame   0x0000000000000650       0x20 d:/program files/altera/14.1/nios2eds/bin/gnu/h-x86_64-mingw32/bin/../lib/gcc/nios2-elf/4.8.3/../../../../../H-x86_64-mingw32/nios2-elf/lib/mno-hw-mul\libsmallc.a(lib_a-atexit.o)
 .debug_frame   0x0000000000000670       0x28 d:/program files/altera/14.1/nios2eds/bin/gnu/h-x86_64-mingw32/bin/../lib/gcc/nios2-elf/4.8.3/../../../../../H-x86_64-mingw32/nios2-elf/lib/mno-hw-mul\libsmallc.a(lib_a-exit.o)
 .debug_frame   0x0000000000000698       0x20 d:/program files/altera/14.1/nios2eds/bin/gnu/h-x86_64-mingw32/bin/../lib/gcc/nios2-elf/4.8.3/../../../../../H-x86_64-mingw32/nios2-elf/lib/mno-hw-mul\libsmallc.a(lib_a-memcmp.o)
 .debug_frame   0x00000000000006b8       0x20 d:/program files/altera/14.1/nios2eds/bin/gnu/h-x86_64-mingw32/bin/../lib/gcc/nios2-elf/4.8.3/../../../../../H-x86_64-mingw32/nios2-elf/lib/mno-hw-mul\libsmallc.a(lib_a-strlen.o)
 .debug_frame   0x00000000000006d8       0x48 d:/program files/altera/14.1/nios2eds/bin/gnu/h-x86_64-mingw32/bin/../lib/gcc/nios2-elf/4.8.3/../../../../../H-x86_64-mingw32/nios2-elf/lib/mno-hw-mul\libsmallc.a(lib_a-__atexit.o)
 .debug_frame   0x0000000000000720       0x54 d:/program files/altera/14.1/nios2eds/bin/gnu/h-x86_64-mingw32/bin/../lib/gcc/nios2-elf/4.8.3/../../../../../H-x86_64-mingw32/nios2-elf/lib/mno-hw-mul\libsmallc.a(lib_a-__call_atexit.o)
 .debug_frame   0x0000000000000774       0x80 d:/program files/altera/14.1/nios2eds/bin/gnu/h-x86_64-mingw32/bin/../lib/gcc/nios2-elf/4.8.3/mno-hw-mul\libgcc.a(lib2-divmod.o)
 .debug_frame   0x00000000000007f4       0x20 d:/program files/altera/14.1/nios2eds/bin/gnu/h-x86_64-mingw32/bin/../lib/gcc/nios2-elf/4.8.3/mno-hw-mul\libgcc.a(lib2-mul.o)
 .debug_frame   0x0000000000000814       0x2c ../SafeCpt_bsp/\libhal_bsp.a(alt_exit.o)

.debug_str      0x0000000000000000     0x5635
 *(.debug_str)
 .debug_str     0x0000000000000000     0x440a obj/default/main/main.o
                                       0x452d (size before relaxing)
 .debug_str     0x000000000000440a      0x189 ../SafeCpt_bsp/\libhal_bsp.a(alt_load.o)
                                        0x21b (size before relaxing)
 .debug_str     0x0000000000004593       0x70 ../SafeCpt_bsp/\libhal_bsp.a(alt_main.o)
                                        0x1a6 (size before relaxing)
 .debug_str     0x0000000000004603       0x15 ../SafeCpt_bsp/\libhal_bsp.a(alt_usleep.o)
                                        0x151 (size before relaxing)
 .debug_str     0x0000000000004618      0x152 ../SafeCpt_bsp/\libhal_bsp.a(alt_sys_init.o)
                                        0x2db (size before relaxing)
 .debug_str     0x000000000000476a       0x77 ../SafeCpt_bsp/\libhal_bsp.a(altera_avalon_jtag_uart_fd.o)
                                        0x2de (size before relaxing)
 .debug_str     0x00000000000047e1       0x48 ../SafeCpt_bsp/\libhal_bsp.a(altera_avalon_jtag_uart_read.o)
                                        0x228 (size before relaxing)
 .debug_str     0x0000000000004829       0x4a ../SafeCpt_bsp/\libhal_bsp.a(altera_avalon_jtag_uart_write.o)
                                        0x21e (size before relaxing)
 .debug_str     0x0000000000004873       0x42 ../SafeCpt_bsp/\libhal_bsp.a(alt_busy_sleep.o)
                                        0x174 (size before relaxing)
 .debug_str     0x00000000000048b5       0x44 ../SafeCpt_bsp/\libhal_bsp.a(alt_close.o)
                                        0x214 (size before relaxing)
 .debug_str     0x00000000000048f9       0x34 ../SafeCpt_bsp/\libhal_bsp.a(alt_dcache_flush_all.o)
                                        0x15e (size before relaxing)
 .debug_str     0x000000000000492d      0x120 ../SafeCpt_bsp/\libhal_bsp.a(alt_dev.o)
                                        0x30e (size before relaxing)
 .debug_str     0x0000000000004a4d       0x4b ../SafeCpt_bsp/\libhal_bsp.a(alt_dev_llist_insert.o)
                                        0x1d5 (size before relaxing)
 .debug_str     0x0000000000004a98       0x48 ../SafeCpt_bsp/\libhal_bsp.a(alt_do_ctors.o)
                                         0xe5 (size before relaxing)
 .debug_str     0x0000000000004ae0       0x4c ../SafeCpt_bsp/\libhal_bsp.a(alt_do_dtors.o)
                                         0xe4 (size before relaxing)
 .debug_str     0x0000000000004b2c       0x14 ../SafeCpt_bsp/\libhal_bsp.a(alt_errno.o)
                                        0x14e (size before relaxing)
 .debug_str     0x0000000000004b40       0x34 ../SafeCpt_bsp/\libhal_bsp.a(alt_icache_flush_all.o)
                                        0x15e (size before relaxing)
 .debug_str     0x0000000000004b74       0x56 ../SafeCpt_bsp/\libhal_bsp.a(alt_io_redirect.o)
                                        0x31f (size before relaxing)
 .debug_str     0x0000000000004bca       0x36 ../SafeCpt_bsp/\libhal_bsp.a(alt_open.o)
                                        0x254 (size before relaxing)
 .debug_str     0x0000000000004c00       0x28 ../SafeCpt_bsp/\libhal_bsp.a(alt_release_fd.o)
                                        0x1e8 (size before relaxing)
 .debug_str     0x0000000000004c28       0x3b ../SafeCpt_bsp/\libhal_bsp.a(altera_nios2_gen2_irq.o)
                                        0x165 (size before relaxing)
 .debug_str     0x0000000000004c63       0x24 ../SafeCpt_bsp/\libhal_bsp.a(alt_find_dev.o)
                                        0x1f5 (size before relaxing)
 .debug_str     0x0000000000004c87       0x26 ../SafeCpt_bsp/\libhal_bsp.a(alt_find_file.o)
                                        0x203 (size before relaxing)
 .debug_str     0x0000000000004cad       0x30 ../SafeCpt_bsp/\libhal_bsp.a(alt_get_fd.o)
                                        0x225 (size before relaxing)
 .debug_str     0x0000000000004cdd      0x166 d:/program files/altera/14.1/nios2eds/bin/gnu/h-x86_64-mingw32/bin/../lib/gcc/nios2-elf/4.8.3/../../../../../H-x86_64-mingw32/nios2-elf/lib/mno-hw-mul\libsmallc.a(lib_a-atexit.o)
                                        0x1ff (size before relaxing)
 .debug_str     0x0000000000004e43       0x4d d:/program files/altera/14.1/nios2eds/bin/gnu/h-x86_64-mingw32/bin/../lib/gcc/nios2-elf/4.8.3/../../../../../H-x86_64-mingw32/nios2-elf/lib/mno-hw-mul\libsmallc.a(lib_a-exit.o)
                                        0x1d3 (size before relaxing)
 .debug_str     0x0000000000004e90       0xdd d:/program files/altera/14.1/nios2eds/bin/gnu/h-x86_64-mingw32/bin/../lib/gcc/nios2-elf/4.8.3/../../../../../H-x86_64-mingw32/nios2-elf/lib/mno-hw-mul\libsmallc.a(lib_a-int_errno.o)
                                        0x1bb (size before relaxing)
 .debug_str     0x0000000000004f6d       0xe3 d:/program files/altera/14.1/nios2eds/bin/gnu/h-x86_64-mingw32/bin/../lib/gcc/nios2-elf/4.8.3/../../../../../H-x86_64-mingw32/nios2-elf/lib/mno-hw-mul\libsmallc.a(lib_a-memcmp.o)
                                        0x1c2 (size before relaxing)
 .debug_str     0x0000000000005050       0x45 d:/program files/altera/14.1/nios2eds/bin/gnu/h-x86_64-mingw32/bin/../lib/gcc/nios2-elf/4.8.3/../../../../../H-x86_64-mingw32/nios2-elf/lib/mno-hw-mul\libsmallc.a(lib_a-strlen.o)
                                        0x1c8 (size before relaxing)
 .debug_str     0x0000000000005095      0x2fc d:/program files/altera/14.1/nios2eds/bin/gnu/h-x86_64-mingw32/bin/../lib/gcc/nios2-elf/4.8.3/../../../../../H-x86_64-mingw32/nios2-elf/lib/mno-hw-mul\libsmallc.a(lib_a-__atexit.o)
                                        0x4f7 (size before relaxing)
 .debug_str     0x0000000000005391       0x58 d:/program files/altera/14.1/nios2eds/bin/gnu/h-x86_64-mingw32/bin/../lib/gcc/nios2-elf/4.8.3/../../../../../H-x86_64-mingw32/nios2-elf/lib/mno-hw-mul\libsmallc.a(lib_a-__call_atexit.o)
                                        0x4c0 (size before relaxing)
 .debug_str     0x00000000000053e9       0x49 d:/program files/altera/14.1/nios2eds/bin/gnu/h-x86_64-mingw32/bin/../lib/gcc/nios2-elf/4.8.3/../../../../../H-x86_64-mingw32/nios2-elf/lib/mno-hw-mul\libsmallc.a(lib_a-impure.o)
                                        0x4a1 (size before relaxing)
 .debug_str     0x0000000000005432      0x199 d:/program files/altera/14.1/nios2eds/bin/gnu/h-x86_64-mingw32/bin/../lib/gcc/nios2-elf/4.8.3/mno-hw-mul\libgcc.a(lib2-divmod.o)
                                        0x1e4 (size before relaxing)
 .debug_str     0x00000000000055cb       0x40 d:/program files/altera/14.1/nios2eds/bin/gnu/h-x86_64-mingw32/bin/../lib/gcc/nios2-elf/4.8.3/mno-hw-mul\libgcc.a(lib2-mul.o)
                                        0x1a5 (size before relaxing)
 .debug_str     0x000000000000560b       0x2a ../SafeCpt_bsp/\libhal_bsp.a(alt_exit.o)
                                        0x15a (size before relaxing)

.debug_loc      0x0000000000000000      0x6d9
 *(.debug_loc)
 .debug_loc     0x0000000000000000       0x1f obj/default/main/main.o
 .debug_loc     0x000000000000001f       0x2c d:/program files/altera/14.1/nios2eds/bin/gnu/h-x86_64-mingw32/bin/../lib/gcc/nios2-elf/4.8.3/../../../../../H-x86_64-mingw32/nios2-elf/lib/mno-hw-mul\libsmallc.a(lib_a-atexit.o)
 .debug_loc     0x000000000000004b       0x1e d:/program files/altera/14.1/nios2eds/bin/gnu/h-x86_64-mingw32/bin/../lib/gcc/nios2-elf/4.8.3/../../../../../H-x86_64-mingw32/nios2-elf/lib/mno-hw-mul\libsmallc.a(lib_a-exit.o)
 .debug_loc     0x0000000000000069       0x65 d:/program files/altera/14.1/nios2eds/bin/gnu/h-x86_64-mingw32/bin/../lib/gcc/nios2-elf/4.8.3/../../../../../H-x86_64-mingw32/nios2-elf/lib/mno-hw-mul\libsmallc.a(lib_a-memcmp.o)
 .debug_loc     0x00000000000000ce       0x1e d:/program files/altera/14.1/nios2eds/bin/gnu/h-x86_64-mingw32/bin/../lib/gcc/nios2-elf/4.8.3/../../../../../H-x86_64-mingw32/nios2-elf/lib/mno-hw-mul\libsmallc.a(lib_a-strlen.o)
 .debug_loc     0x00000000000000ec      0x15c d:/program files/altera/14.1/nios2eds/bin/gnu/h-x86_64-mingw32/bin/../lib/gcc/nios2-elf/4.8.3/../../../../../H-x86_64-mingw32/nios2-elf/lib/mno-hw-mul\libsmallc.a(lib_a-__atexit.o)
 .debug_loc     0x0000000000000248      0x127 d:/program files/altera/14.1/nios2eds/bin/gnu/h-x86_64-mingw32/bin/../lib/gcc/nios2-elf/4.8.3/../../../../../H-x86_64-mingw32/nios2-elf/lib/mno-hw-mul\libsmallc.a(lib_a-__call_atexit.o)
 .debug_loc     0x000000000000036f      0x2d7 d:/program files/altera/14.1/nios2eds/bin/gnu/h-x86_64-mingw32/bin/../lib/gcc/nios2-elf/4.8.3/mno-hw-mul\libgcc.a(lib2-divmod.o)
 .debug_loc     0x0000000000000646       0x93 d:/program files/altera/14.1/nios2eds/bin/gnu/h-x86_64-mingw32/bin/../lib/gcc/nios2-elf/4.8.3/mno-hw-mul\libgcc.a(lib2-mul.o)

.debug_macinfo
 *(.debug_macinfo)

.debug_weaknames
 *(.debug_weaknames)

.debug_funcnames
 *(.debug_funcnames)

.debug_typenames
 *(.debug_typenames)

.debug_varnames
 *(.debug_varnames)

.debug_alt_sim_info
                0x0000000000000000       0x40
 *(.debug_alt_sim_info)
 .debug_alt_sim_info
                0x0000000000000000       0x10 ../SafeCpt_bsp//obj/HAL/src/crt0.o
 .debug_alt_sim_info
                0x0000000000000010       0x30 ../SafeCpt_bsp/\libhal_bsp.a(alt_busy_sleep.o)
                0x0000000000010000                __alt_data_end = 0x10000
                0x0000000000010000                PROVIDE (__alt_stack_pointer, __alt_data_end)
                0x0000000000009b50                PROVIDE (__alt_stack_limit, __alt_stack_base)
                0x0000000000009b50                PROVIDE (__alt_heap_start, end)
                0x0000000000010000                PROVIDE (__alt_heap_limit, 0x10000)
OUTPUT(SafeCpt.elf elf32-littlenios2)

.debug_ranges   0x0000000000000000       0x30
 .debug_ranges  0x0000000000000000       0x20 ../SafeCpt_bsp//obj/HAL/src/crt0.o
 .debug_ranges  0x0000000000000020       0x10 obj/default/main/main.o

.debug_macro    0x0000000000000000     0x1335
 .debug_macro   0x0000000000000000       0xf6 obj/default/main/main.o
 .debug_macro   0x00000000000000f6      0x52c obj/default/main/main.o
 .debug_macro   0x0000000000000622       0x52 obj/default/main/main.o
 .debug_macro   0x0000000000000674      0x423 obj/default/main/main.o
 .debug_macro   0x0000000000000a97       0x10 obj/default/main/main.o
 .debug_macro   0x0000000000000aa7       0x2e obj/default/main/main.o
 .debug_macro   0x0000000000000ad5       0x34 obj/default/main/main.o
 .debug_macro   0x0000000000000b09       0x94 obj/default/main/main.o
 .debug_macro   0x0000000000000b9d       0x3a obj/default/main/main.o
 .debug_macro   0x0000000000000bd7       0x52 obj/default/main/main.o
 .debug_macro   0x0000000000000c29       0x19 obj/default/main/main.o
 .debug_macro   0x0000000000000c42      0x166 obj/default/main/main.o
 .debug_macro   0x0000000000000da8       0x22 obj/default/main/main.o
 .debug_macro   0x0000000000000dca       0x91 obj/default/main/main.o
 .debug_macro   0x0000000000000e5b       0x10 obj/default/main/main.o
 .debug_macro   0x0000000000000e6b       0x35 obj/default/main/main.o
 .debug_macro   0x0000000000000ea0      0x495 obj/default/main/main.o
